// Jest Snapshot v1, https://goo.gl/fbAQLP

exports[`Pruebas al componente <GifGridItem /> Debe mostrar el componente <GifGridItem /> correctamente 1`] = `
<div
  className="card animate__animated animate__zoomIn"
>
  <img
    alt="Un título"
    src="https://localhost/algo.jpg"
  />
  <p>
    Un título
  </p>
</div>
`;
